[320ytmp3.com/en32/index.html]
[backblue.gif]
[fade.gif]
[index.html]
[320ytmp3.com/static/images/preview.png]
[cdnjs.cloudflare.com/ajax/libs/twitter-bootstrap/4.5.0/css/bootstrap.min.css]
[320ytmp3.com/static/css/style-2d95b269de.css]
[320ytmp3.com/cdn-cgi/challenge-platform/h/g/scripts/invisible.js]
[320ytmp3.com/en32/youtube-to-mp4.html]
[320ytmp3.com/en32/youtube-convert.html]
[320ytmp3.com/en32/youtube-download.html]
[320ytmp3.com/en32/contact.html]
[320ytmp3.com/en32/faq.html]
[320ytmp3.com/en32/terms.html]
[320ytmp3.com/en32/privacy.html]
[cdnjs.cloudflare.com/ajax/libs/jquery/3.2.1/jquery.min.js]
[320ytmp3.com/en32/about.html]
[cdnjs.cloudflare.com/ajax/libs/popper.js/1.12.9/umd/popper.min.js]
[cdnjs.cloudflare.com/ajax/libs/twitter-bootstrap/4.5.0/js/bootstrap.min.js]
[s7.addthis.com/js/300/addthis_widget.js]
[320ytmp3.com/en32/index.html]
[320ytmp3.com/static/js/dark-2c78c10e90.js]
[cdnjs.cloudflare.com/ajax/libs/twitter-bootstrap/4.5.0/css/bootstrap.min.css]
[320ytmp3.com/static/css/style-2d95b269de.css]
[320ytmp3.com/en32/youtube-to-mp4.html]
[320ytmp3.com/en32/youtube-convert.html]
[320ytmp3.com/en32/youtube-download.html]
[320ytmp3.com/en32/about.html]
[www.google.com/recaptcha/api.js]
[320ytmp3.com/en32/contact.html]
[320ytmp3.com/en32/faq.html]
[320ytmp3.com/en32/terms.html]
[320ytmp3.com/en32/privacy.html]
